Java HotSpot(TM) 64-Bit Server VM (25.40-b25) for bsd-amd64 JRE (1.8.0_40-b27), built on Mar 13 2015 04:46:52 by "java_re" with gcc 4.2.1 (Based on Apple Inc. build 5658) (LLVM build 2336.11.00)
Memory: 4k page, physical 8388608k(807092k free)

/proc/meminfo:

CommandLine flags: -XX:GCLogFileSize=3145728 -XX:InitialHeapSize=1366294528 -XX:MaxHeapSize=1366294528 -XX:NumberOfGCLogFiles=5 -XX:+PrintGC -XX:+PrintGCDateStamps -XX:+PrintGCDetails -XX:+PrintGCTimeStamps -XX:-TraceClassUnloading -XX:+UseCompressedClassPointers -XX:+UseCompressedOops -XX:+UseGCLogFileRotation -XX:+UseParallelGC 
2015-04-20T17:41:31.610-0700: 2.746: [GC (Metadata GC Threshold) [PSYoungGen: 327690K->19964K(389632K)] 327690K->19972K(1280000K), 0.0404836 secs] [Times: user=0.06 sys=0.01, real=0.04 secs] 
2015-04-20T17:41:31.651-0700: 2.786: [Full GC (Metadata GC Threshold) [PSYoungGen: 19964K->0K(389632K)] [ParOldGen: 8K->19076K(890368K)] 19972K->19076K(1280000K), [Metaspace: 19274K->19274K(1067008K)], 0.1367508 secs] [Times: user=0.24 sys=0.02, real=0.13 secs] 
2015-04-20T17:41:32.974-0700: 4.109: [GC (Metadata GC Threshold) [PSYoungGen: 202461K->21898K(389632K)] 221537K->40982K(1280000K), 0.0308350 secs] [Times: user=0.08 sys=0.01, real=0.03 secs] 
2015-04-20T17:41:33.005-0700: 4.140: [Full GC (Metadata GC Threshold) [PSYoungGen: 21898K->0K(389632K)] [ParOldGen: 19084K->30597K(890368K)] 40982K->30597K(1280000K), [Metaspace: 31637K->31637K(1079296K)], 0.0977191 secs] [Times: user=0.31 sys=0.01, real=0.10 secs] 
2015-04-20T17:41:35.330-0700: 6.465: [GC (Allocation Failure) [PSYoungGen: 334336K->54048K(389632K)] 364933K->84654K(1280000K), 0.0567560 secs] [Times: user=0.14 sys=0.01, real=0.05 secs] 
2015-04-20T17:41:37.199-0700: 8.335: [GC (Metadata GC Threshold) [PSYoungGen: 194049K->39512K(389632K)] 224655K->70126K(1280000K), 0.0468332 secs] [Times: user=0.15 sys=0.02, real=0.05 secs] 
2015-04-20T17:41:37.246-0700: 8.382: [Full GC (Metadata GC Threshold) [PSYoungGen: 39512K->0K(389632K)] [ParOldGen: 30613K->57750K(890368K)] 70126K->57750K(1280000K), [Metaspace: 53173K->53169K(1099776K)], 0.4317360 secs] [Times: user=1.55 sys=0.03, real=0.43 secs] 
2015-04-20T17:45:52.184-0700: 263.319: [GC (Allocation Failure) [PSYoungGen: 334336K->36221K(389632K)] 392086K->94003K(1280000K), 0.0571266 secs] [Times: user=0.11 sys=0.00, real=0.06 secs] 
Heap
 PSYoungGen      total 389632K, used 114280K [0x00000007a4d80000, 0x00000007c0000000, 0x00000007c0000000)
  eden space 334336K, 23% used [0x00000007a4d80000,0x00000007a99babc0,0x00000007b9400000)
  from space 55296K, 65% used [0x00000007b9400000,0x00000007bb75f718,0x00000007bca00000)
  to   space 52736K, 0% used [0x00000007bcc80000,0x00000007bcc80000,0x00000007c0000000)
 ParOldGen       total 890368K, used 57781K [0x000000076e800000, 0x00000007a4d80000, 0x00000007a4d80000)
  object space 890368K, 6% used [0x000000076e800000,0x000000077206d760,0x00000007a4d80000)
 Metaspace       used 78009K, capacity 84332K, committed 84696K, reserved 1122304K
  class space    used 9580K, capacity 11469K, committed 11520K, reserved 1048576K
