2015-05-19T17:27:45.330+0700: 7.540: [GC [PSYoungGen: 334336K->27700K(389632K)] 334336K->27708K(1279488K), 0.0239170 secs] [Times: user=0.07 sys=0.01, real=0.02 secs] 
2015-05-19T17:27:51.908+0700: 14.118: [GC [PSYoungGen: 362036K->55291K(389632K)] 362044K->68637K(1279488K), 0.0565450 secs] [Times: user=0.17 sys=0.02, real=0.06 secs] 
2015-05-19T17:27:56.471+0700: 18.681: [GC [PSYoungGen: 389627K->55287K(389632K)] 402973K->103051K(1279488K), 0.0856360 secs] [Times: user=0.30 sys=0.01, real=0.09 secs] 
Heap
 PSYoungGen      total 389632K, used 304748K [0x00000000e4d00000, 0x0000000100000000, 0x0000000100000000)
  eden space 334336K, 74% used [0x00000000e4d00000,0x00000000f409d4e8,0x00000000f9380000)
  from space 55296K, 99% used [0x00000000f9380000,0x00000000fc97ddf8,0x00000000fc980000)
  to   space 55296K, 0% used [0x00000000fca00000,0x00000000fca00000,0x0000000100000000)
 ParOldGen       total 889856K, used 47764K [0x00000000ae800000, 0x00000000e4d00000, 0x00000000e4d00000)
  object space 889856K, 5% used [0x00000000ae800000,0x00000000b16a5080,0x00000000e4d00000)
 PSPermGen       total 79872K, used 79600K [0x000000009e800000, 0x00000000a3600000, 0x00000000ae800000)
  object space 79872K, 99% used [0x000000009e800000,0x00000000a35bc390,0x00000000a3600000)
